 RDLL

 Timestamp is 56ebdc4b (Fri Mar 18 13:45:31 2016)

 Preferred load address is 10000000

 Start         Length     Name                   Class
 0001:00000000 00010000H .textbss                DATA
 0002:00000000 0000324eH .text                   CODE
 0003:00000000 00000104H .CRT$XCA                DATA
 0003:00000104 00000104H .CRT$XCZ                DATA
 0003:00000208 00000104H .CRT$XIA                DATA
 0003:0000030c 00000104H .CRT$XIAA               DATA
 0003:00000410 00000104H .CRT$XIZ                DATA
 0003:00000520 00000a26H .rdata                  DATA
 0003:00000f48 00000174H .rdata$debug            DATA
 0003:000010bc 00000104H .rtc$IAA                DATA
 0003:000011c0 00000104H .rtc$IMZ                DATA
 0003:000012c4 00000104H .rtc$IZZ                DATA
 0003:000013c8 00000104H .rtc$TAA                DATA
 0003:000014cc 00000104H .rtc$TMZ                DATA
 0003:000015d0 00000104H .rtc$TZZ                DATA
 0003:000016d8 000001c2H .xdata$x                DATA
 0003:0000189a 00000000H .edata                  DATA
 0004:00000000 00000133H .data                   DATA
 0004:00000138 00000434H .bss                    DATA
 0005:00000000 00000028H .idata$2                DATA
 0005:00000028 00000014H .idata$3                DATA
 0005:0000003c 0000012cH .idata$4                DATA
 0005:00000168 0000012cH .idata$5                DATA
 0005:00000294 000004a7H .idata$6                DATA
 0006:00000000 000001c0H .rsrc$01                DATA
 0006:000001c0 00000af9H .rsrc$02                DATA

  Address         Publics by Value              Rva+Base       Lib:Object

 0000:00000000       ___safe_se_handler_table   00000000     <absolute>
 0000:00000000       ___safe_se_handler_count   00000000     <absolute>
 0000:00000000       ___ImageBase               10000000     <linker-defined>
 0001:00000000       __enc$textbss$begin        10001000     <linker-defined>
 0001:00010000       __enc$textbss$end          10011000     <linker-defined>
 0002:000002f0       _DllMain@12                100112f0 f   dllmain.obj
 0002:00000340       __RTC_InitBase             10011340 f   MSVCRTD:_init_.obj
 0002:00000380       __RTC_Shutdown             10011380 f   MSVCRTD:_init_.obj
 0002:00000440       __CRT_INIT@12              10011440 f   MSVCRTD:crtdll.obj
 0002:00000810       _NtCurrentTeb              10011810 f i MSVCRTD:crtdll.obj
 0002:00000820       __DllMainCRTStartup@12     10011820 f   MSVCRTD:crtdll.obj
 0002:00000aa0       __RTC_NumErrors            10011aa0 f   MSVCRTD:_userapi_.obj
 0002:00000ab0       __RTC_GetErrDesc           10011ab0 f   MSVCRTD:_userapi_.obj
 0002:00000ad0       __RTC_SetErrorType         10011ad0 f   MSVCRTD:_userapi_.obj
 0002:00000b00       __RTC_SetErrorFunc         10011b00 f   MSVCRTD:_userapi_.obj
 0002:00000b30       __RTC_SetErrorFuncW        10011b30 f   MSVCRTD:_userapi_.obj
 0002:00000b60       ?_RTC_GetErrorFunc@@YAP6AHHPBDH00ZZPBX@Z 10011b60 f   MSVCRTD:_userapi_.obj
 0002:00000b70       ?_RTC_GetErrorFuncW@@YAP6AHHPB_WH00ZZPBX@Z 10011b70 f   MSVCRTD:_userapi_.obj
 0002:00000b76       __CRT_RTC_INITW            10011b76 f   MSVCRTD:MSVCR90D.dll
 0002:00000b80       ___clean_type_info_names   10011b80 f   MSVCRTD:tncleanup.obj
 0002:00000ba0       __onexit                   10011ba0 f   MSVCRTD:atonexit.obj
 0002:00000cf0       _atexit                    10011cf0 f   MSVCRTD:atonexit.obj
 0002:00000d20       __RTC_Initialize           10011d20 f   MSVCRTD:_initsect_.obj
 0002:00000d50       __RTC_Terminate            10011d50 f   MSVCRTD:_initsect_.obj
 0002:00000d80       __encode_pointer           10011d80 f   MSVCRTD:MSVCR90D.dll
 0002:00000d86       __malloc_dbg               10011d86 f   MSVCRTD:MSVCR90D.dll
 0002:00000d8c       __free_dbg                 10011d8c f   MSVCRTD:MSVCR90D.dll
 0002:00000d92       __encoded_null             10011d92 f   MSVCRTD:MSVCR90D.dll
 0002:00000d98       __decode_pointer           10011d98 f   MSVCRTD:MSVCR90D.dll
 0002:00000d9e       __CrtSetCheckCount         10011d9e f   MSVCRTD:MSVCR90D.dll
 0002:00000db0       __ValidateImageBase        10011db0 f   MSVCRTD:pesect.obj
 0002:00000e30       __FindPESection            10011e30 f   MSVCRTD:pesect.obj
 0002:00000ed0       __IsNonwritableInCurrentImage 10011ed0 f   MSVCRTD:pesect.obj
 0002:00001026       __initterm                 10012026 f   MSVCRTD:MSVCR90D.dll
 0002:0000102c       __initterm_e               1001202c f   MSVCRTD:MSVCR90D.dll
 0002:00001032       __amsg_exit                10012032 f   MSVCRTD:MSVCR90D.dll
 0002:00001040       ___security_init_cookie    10012040 f   MSVCRTD:gs_support.obj
 0002:00001152       ___CppXcptFilter           10012152 f   MSVCRTD:MSVCR90D.dll
 0002:00001160       __except_handler4          10012160 f   MSVCRTD:chandler4gs.obj
 0002:000011a0       _DebuggerKnownHandle       100121a0 f   MSVCRTD:_error_.obj
 0002:00001280       ?_RTC_Failure@@YAXPAXH@Z   10012280 f   MSVCRTD:_error_.obj
 0002:00001650       ?_RTC_StackFailure@@YAXPAXPBD@Z 10012650 f   MSVCRTD:_error_.obj
 0002:00001790       ?_RTC_AllocaFailure@@YAXPAXPAU_RTC_ALLOCA_NODE@@H@Z 10012790 f   MSVCRTD:_error_.obj
 0002:000019a0       __RTC_UninitUse            100129a0 f   MSVCRTD:_error_.obj
 0002:00001ac4       ___clean_type_info_names_internal 10012ac4 f   MSVCRTD:MSVCR90D.dll
 0002:00001aca       __unlock                   10012aca f   MSVCRTD:MSVCR90D.dll
 0002:00001ad0       ___dllonexit               10012ad0 f   MSVCRTD:MSVCR90D.dll
 0002:00001ad6       __lock                     10012ad6 f   MSVCRTD:MSVCR90D.dll
 0002:00001adc       __except_handler4_common   10012adc f   MSVCRTD:MSVCR90D.dll
 0002:00001af0       @__security_check_cookie@4 10012af0 f   MSVCRTD:secchk.obj
 0002:00001b10       ?_RTC_GetSrcLine@@YAHPAEPA_WKPAH1K@Z 10012b10 f   MSVCRTD:_pdblkup_.obj
 0002:000020d0       ___report_gsfailure        100130d0 f   MSVCRTD:gs_report.obj
 0002:00002222       __crt_debugger_hook        10013222 f   MSVCRTD:MSVCR90D.dll
 0002:00002228       _InterlockedExchange@8     10013228 f   kernel32:KERNEL32.dll
 0002:0000222e       _Sleep@4                   1001322e f   kernel32:KERNEL32.dll
 0002:00002234       _InterlockedCompareExchange@12 10013234 f   kernel32:KERNEL32.dll
 0002:0000223a       _QueryPerformanceCounter@4 1001323a f   kernel32:KERNEL32.dll
 0002:00002240       _GetTickCount@0            10013240 f   kernel32:KERNEL32.dll
 0002:00002246       _GetCurrentThreadId@0      10013246 f   kernel32:KERNEL32.dll
 0002:0000224c       _GetCurrentProcessId@0     1001324c f   kernel32:KERNEL32.dll
 0002:00002252       _GetSystemTimeAsFileTime@4 10013252 f   kernel32:KERNEL32.dll
 0002:00002258       _IsDebuggerPresent@0       10013258 f   kernel32:KERNEL32.dll
 0002:0000225e       _RaiseException@16         1001325e f   kernel32:KERNEL32.dll
 0002:00002264       _DebugBreak@0              10013264 f   kernel32:KERNEL32.dll
 0002:0000226a       _WideCharToMultiByte@32    1001326a f   kernel32:KERNEL32.dll
 0002:00002270       _MultiByteToWideChar@24    10013270 f   kernel32:KERNEL32.dll
 0002:00002276       _lstrlenA@4                10013276 f   kernel32:KERNEL32.dll
 0002:0000227c       _GetProcAddress@8          1001327c f   kernel32:KERNEL32.dll
 0002:00002282       _LoadLibraryA@4            10013282 f   kernel32:KERNEL32.dll
 0002:00002288       _HeapFree@12               10013288 f   kernel32:KERNEL32.dll
 0002:0000228e       _HeapAlloc@12              1001328e f   kernel32:KERNEL32.dll
 0002:00002294       _GetProcessHeap@0          10013294 f   kernel32:KERNEL32.dll
 0002:0000229a       _GetModuleFileNameW@12     1001329a f   kernel32:KERNEL32.dll
 0002:000022a0       _VirtualQuery@12           100132a0 f   kernel32:KERNEL32.dll
 0002:000022a6       _FreeLibrary@4             100132a6 f   kernel32:KERNEL32.dll
 0002:000022ac       _TerminateProcess@8        100132ac f   kernel32:KERNEL32.dll
 0002:000022b2       _GetCurrentProcess@0       100132b2 f   kernel32:KERNEL32.dll
 0002:000022b8       _UnhandledExceptionFilter@4 100132b8 f   kernel32:KERNEL32.dll
 0002:000022be       _SetUnhandledExceptionFilter@4 100132be f   kernel32:KERNEL32.dll
 0003:00000000       ___xc_a                    10015000     MSVCRTD:cinitexe.obj
 0003:00000104       ___xc_z                    10015104     MSVCRTD:cinitexe.obj
 0003:00000208       ___xi_a                    10015208     MSVCRTD:cinitexe.obj
 0003:00000410       ___xi_z                    10015410     MSVCRTD:cinitexe.obj
 0003:0000053c       __pDefaultRawDllMain       1001553c     MSVCRTD:crtdll.obj
 0003:0000053c       __pRawDllMain              1001553c     MSVCRTD:crtdll.obj
 0003:00000540       ??_C@_0DA@FJPPCPEH@f?3?2dd?2vctools?2crt_bld?2self_x86?2c@ 10015540     MSVCRTD:crtdll.obj
 0003:0000057c       ??_C@_0BP@OGBCLIBO@Stack?5around?5_alloca?5corrupted?$AA@ 1001557c     MSVCRTD:_userapi_.obj
 0003:000005a4       ??_C@_0CK@CNLNOEPB@Local?5variable?5used?5before?5initi@ 100155a4     MSVCRTD:_userapi_.obj
 0003:000005d8       ??_C@_0BI@CIGMDCBH@Stack?5memory?5corruption?$AA@ 100155d8     MSVCRTD:_userapi_.obj
 0003:000005f4       ??_C@_0CK@FEGOIOPB@Cast?5to?5smaller?5type?5causing?5los@ 100155f4     MSVCRTD:_userapi_.obj
 0003:00000628       ??_C@_0BJ@HEGAHDFO@Stack?5pointer?5corruption?$AA@ 10015628     MSVCRTD:_userapi_.obj
 0003:00000660       ?ProcessDetach@NativeDll@<CrtImplementationDetails>@@0IB 10015660     MSVCRTD:tncleanup.obj
 0003:00000664       ?ProcessAttach@NativeDll@<CrtImplementationDetails>@@0IB 10015664     MSVCRTD:tncleanup.obj
 0003:00000668       ?ThreadAttach@NativeDll@<CrtImplementationDetails>@@0IB 10015668     MSVCRTD:tncleanup.obj
 0003:0000066c       ?ThreadDetach@NativeDll@<CrtImplementationDetails>@@0IB 1001566c     MSVCRTD:tncleanup.obj
 0003:00000670       ?ProcessVerifier@NativeDll@<CrtImplementationDetails>@@0IB 10015670     MSVCRTD:tncleanup.obj
 0003:00000674       ??_C@_0BO@GNIAFIKK@Unknown?5Runtime?5Check?5Error?6?$AN?$AA@ 10015674     MSVCRTD:_error_.obj
 0003:00000698       ??_C@_0CM@NGINOKPC@Stack?5memory?5around?5_alloca?5was?5@ 10015698     MSVCRTD:_error_.obj
 0003:000006cc       ??_C@_0DG@HKJMLLLP@A?5local?5variable?5was?5used?5before@ 100156cc     MSVCRTD:_error_.obj
 0003:0000070c       ??_C@_0BN@FFOINMNJ@Stack?5memory?5was?5corrupted?6?$AN?$AA@ 1001570c     MSVCRTD:_error_.obj
 0003:00000730       ??_C@_0BBN@GPMLNJCF@A?5cast?5to?5a?5smaller?5data?5type?5ha@ 10015730     MSVCRTD:_error_.obj
 0003:00000888       ??_C@_0NN@NGPKDKPD@The?5value?5of?5ESP?5was?5not?5properl@ 10015888     MSVCRTD:_error_.obj
 0003:00000a50       ??_C@_0CA@IODNCDPG@Run?9Time?5Check?5Failure?5?$CD?$CFd?5?9?5?$CFs?$AA@ 10015a50     MSVCRTD:_error_.obj
 0003:00000a78       ??_C@_0BE@GNBOBNCK@Unknown?5Module?5Name?$AA@ 10015a78     MSVCRTD:_error_.obj
 0003:00000a90       ??_C@_0BB@PFFGGCJP@Unknown?5Filename?$AA@ 10015a90     MSVCRTD:_error_.obj
 0003:00000aa8       ??_C@_1EA@NFKNIFJP@?$AAR?$AAu?$AAn?$AA?9?$AAT?$AAi?$AAm?$AAe?$AA?5?$AAC?$AAh?$AAe?$AAc?$AAk?$AA?5?$AAF?$AAa?$AAi?$AAl?$AAu?$AAr?$AAe?$AA?5?$AA?$CD?$AA?$CF?$AAd?$AA?5?$AA?9?$AA?5?$AA?$CF?$AAs?$AA?$AA@ 10015aa8     MSVCRTD:_error_.obj
 0003:00000af8       ??_C@_1GM@OLMCBDMB@?$AAR?$AAu?$AAn?$AAt?$AAi?$AAm?$AAe?$AA?5?$AAC?$AAh?$AAe?$AAc?$AAk?$AA?5?$AAE?$AAr?$AAr?$AAo?$AAr?$AA?4?$AA?6?$AA?$AN?$AA?5?$AAU?$AAn?$AAa?$AAb?$AAl?$AAe?$AA?5?$AAt?$AAo@ 10015af8     MSVCRTD:_error_.obj
 0003:00000b7c       ??_C@_0CG@IAFNJNEE@Stack?5corrupted?5near?5unknown?5var@ 10015b7c     MSVCRTD:_error_.obj
 0003:00000bb0       ??_C@_0EJ@LJKNEOLN@Stack?5area?5around?5_alloca?5memory@ 10015bb0     MSVCRTD:_error_.obj
 0003:00000c08       ??_C@_08KJEDNCKC@?$CFs?$CFs?$CFs?$CFs?$AA@ 10015c08     MSVCRTD:_error_.obj
 0003:00000c14       ??_C@_02LLMPMKNF@?$DO?5?$AA@ 10015c14     MSVCRTD:_error_.obj
 0003:00000c18       ??_C@_01EEMJAFIK@?6?$AA@   10015c18     MSVCRTD:_error_.obj
 0003:00000c1c       ??_C@_0BC@KIBAILCI@?$CFs?$CFs?$CFp?$CFs?$CFld?$CFs?$CFd?$CFs?$AA@ 10015c1c     MSVCRTD:_error_.obj
 0003:00000c38       ??_C@_0EI@CLEPFNGI@Stack?5area?5around?5_alloca?5memory@ 10015c38     MSVCRTD:_error_.obj
 0003:00000c90       ??_C@_0N@MHFFIMFG@?6Address?3?50x?$AA@ 10015c90     MSVCRTD:_error_.obj
 0003:00000ca0       ??_C@_07DFDJCKFN@?6Size?3?5?$AA@ 10015ca0     MSVCRTD:_error_.obj
 0003:00000cac       ??_C@_0CK@DKGBICFE@?6Allocation?5number?5within?5this?5f@ 10015cac     MSVCRTD:_error_.obj
 0003:00000ce0       ??_C@_08OMAHNMHJ@?6Data?3?5?$DM?$AA@ 10015ce0     MSVCRTD:_error_.obj
 0003:00000cec       ??_C@_09FOPFMPEJ@wsprintfA?$AA@ 10015cec     MSVCRTD:_error_.obj
 0003:00000cf8       ??_C@_0L@GMPLCCII@user32?4dll?$AA@ 10015cf8     MSVCRTD:_error_.obj
 0003:00000d08       ??_C@_05MKKEDADM@?$CF?42X?5?$AA@ 10015d08     MSVCRTD:_error_.obj
 0003:00000d10       ??_C@_0DE@OHJBPMBP@A?5variable?5is?5being?5used?5without@ 10015d10     MSVCRTD:_error_.obj
 0003:00000d50       ??_C@_0M@EKFFODEC@MSPDB80?4DLL?$AA@ 10015d50     MSVCRTD:_pdblkup_.obj
 0003:00000d60       ??_C@_01KDCPPGHE@r?$AA@    10015d60     MSVCRTD:_pdblkup_.obj
 0003:00000d64       ??_C@_0BB@KCIACLNC@PDBOpenValidate5?$AA@ 10015d64     MSVCRTD:_pdblkup_.obj
 0003:00000d78       ??_C@_0BF@BMIHBHCA@EnvironmentDirectory?$AA@ 10015d78     MSVCRTD:_pdblkup_.obj
 0003:00000d94       ??_C@_0CN@JNNIHDGH@SOFTWARE?2Microsoft?2VisualStudio?2@ 10015d94     MSVCRTD:_pdblkup_.obj
 0003:00000dcc       ??_C@_0M@HLOHPNFA@RegCloseKey?$AA@ 10015dcc     MSVCRTD:_pdblkup_.obj
 0003:00000ddc       ??_C@_0BB@HHEIPGME@RegQueryValueExA?$AA@ 10015ddc     MSVCRTD:_pdblkup_.obj
 0003:00000df0       ??_C@_0O@DCOGKJGG@RegOpenKeyExA?$AA@ 10015df0     MSVCRTD:_pdblkup_.obj
 0003:00000e00       ??_C@_0N@JJPEKNFO@ADVAPI32?4DLL?$AA@ 10015e00     MSVCRTD:_pdblkup_.obj
 0003:000010bc       ___rtc_iaa                 100160bc     MSVCRTD:_initsect_.obj
 0003:000012c4       ___rtc_izz                 100162c4     MSVCRTD:_initsect_.obj
 0003:000013c8       ___rtc_taa                 100163c8     MSVCRTD:_initsect_.obj
 0003:000015d0       ___rtc_tzz                 100165d0     MSVCRTD:_initsect_.obj
 0004:00000000       ___native_dllmain_reason   10017000     MSVCRTD:natstart.obj
 0004:00000004       ___native_vcclrit_reason   10017004     MSVCRTD:natstart.obj
 0004:0000000c       ___security_cookie         1001700c     MSVCRTD:gs_cookie.obj
 0004:00000010       ___security_cookie_complement 10017010     MSVCRTD:gs_cookie.obj
 0004:00000014       ?_RTC_ErrorLevels@@3PAHA   10017014     MSVCRTD:_error_.obj
 0004:0000014c       ?__type_info_root_node@@3U__type_info_node@@A 1001714c     MSVCRTD:tncleanup.obj
 0004:00000158       ?wsprintffp@@3P6AHPADPBDZZA 10017158     MSVCRTD:_error_.obj
 0004:0000052c       __adjust_fdiv              1001752c     <common>
 0004:00000538       ___native_startup_state    10017538     <common>
 0004:00000548       ___native_startup_lock     10017548     <common>
 0004:0000054c       ___onexitend               1001754c     <common>
 0004:0000055c       ___onexitbegin             1001755c     <common>
 0004:00000560       ___dyn_tls_init_callback   10017560     <common>
 0005:00000000       __IMPORT_DESCRIPTOR_MSVCR90D 10018000     MSVCRTD:MSVCR90D.dll
 0005:00000014       __IMPORT_DESCRIPTOR_KERNEL32 10018014     kernel32:KERNEL32.dll
 0005:00000028       __NULL_IMPORT_DESCRIPTOR   10018028     MSVCRTD:MSVCR90D.dll
 0005:00000168       __imp__QueryPerformanceCounter@4 10018168     kernel32:KERNEL32.dll
 0005:0000016c       __imp__SetUnhandledExceptionFilter@4 1001816c     kernel32:KERNEL32.dll
 0005:00000170       __imp__UnhandledExceptionFilter@4 10018170     kernel32:KERNEL32.dll
 0005:00000174       __imp__GetCurrentProcess@0 10018174     kernel32:KERNEL32.dll
 0005:00000178       __imp__TerminateProcess@8  10018178     kernel32:KERNEL32.dll
 0005:0000017c       __imp__FreeLibrary@4       1001817c     kernel32:KERNEL32.dll
 0005:00000180       __imp__VirtualQuery@12     10018180     kernel32:KERNEL32.dll
 0005:00000184       __imp__GetModuleFileNameW@12 10018184     kernel32:KERNEL32.dll
 0005:00000188       __imp__GetProcessHeap@0    10018188     kernel32:KERNEL32.dll
 0005:0000018c       __imp__HeapAlloc@12        1001818c     kernel32:KERNEL32.dll
 0005:00000190       __imp__HeapFree@12         10018190     kernel32:KERNEL32.dll
 0005:00000194       __imp__LoadLibraryA@4      10018194     kernel32:KERNEL32.dll
 0005:00000198       __imp__GetProcAddress@8    10018198     kernel32:KERNEL32.dll
 0005:0000019c       __imp__lstrlenA@4          1001819c     kernel32:KERNEL32.dll
 0005:000001a0       __imp__MultiByteToWideChar@24 100181a0     kernel32:KERNEL32.dll
 0005:000001a4       __imp__WideCharToMultiByte@32 100181a4     kernel32:KERNEL32.dll
 0005:000001a8       __imp__DebugBreak@0        100181a8     kernel32:KERNEL32.dll
 0005:000001ac       __imp__RaiseException@16   100181ac     kernel32:KERNEL32.dll
 0005:000001b0       __imp__IsDebuggerPresent@0 100181b0     kernel32:KERNEL32.dll
 0005:000001b4       __imp__GetSystemTimeAsFileTime@4 100181b4     kernel32:KERNEL32.dll
 0005:000001b8       __imp__InterlockedExchange@8 100181b8     kernel32:KERNEL32.dll
 0005:000001bc       __imp__Sleep@4             100181bc     kernel32:KERNEL32.dll
 0005:000001c0       __imp__InterlockedCompareExchange@12 100181c0     kernel32:KERNEL32.dll
 0005:000001c4       __imp__GetTickCount@0      100181c4     kernel32:KERNEL32.dll
 0005:000001c8       __imp__GetCurrentThreadId@0 100181c8     kernel32:KERNEL32.dll
 0005:000001cc       __imp__GetCurrentProcessId@0 100181cc     kernel32:KERNEL32.dll
 0005:000001d0       \177KERNEL32_NULL_THUNK_DATA 100181d0     kernel32:KERNEL32.dll
 0005:00000210       __imp___crt_debugger_hook  10018210     MSVCRTD:MSVCR90D.dll
 0005:00000214       __imp___except_handler4_common 10018214     MSVCRTD:MSVCR90D.dll
 0005:00000218       __imp___onexit             10018218     MSVCRTD:MSVCR90D.dll
 0005:0000021c       __imp___lock               1001821c     MSVCRTD:MSVCR90D.dll
 0005:00000220       __imp____dllonexit         10018220     MSVCRTD:MSVCR90D.dll
 0005:00000224       __imp___unlock             10018224     MSVCRTD:MSVCR90D.dll
 0005:00000228       __imp____clean_type_info_names_internal 10018228     MSVCRTD:MSVCR90D.dll
 0005:0000022c       __imp____CppXcptFilter     1001822c     MSVCRTD:MSVCR90D.dll
 0005:00000230       __imp___adjust_fdiv        10018230     MSVCRTD:MSVCR90D.dll
 0005:00000234       __imp___amsg_exit          10018234     MSVCRTD:MSVCR90D.dll
 0005:00000238       __imp___initterm_e         10018238     MSVCRTD:MSVCR90D.dll
 0005:0000023c       __imp___initterm           1001823c     MSVCRTD:MSVCR90D.dll
 0005:00000240       __imp___CrtSetCheckCount   10018240     MSVCRTD:MSVCR90D.dll
 0005:00000244       __imp___decode_pointer     10018244     MSVCRTD:MSVCR90D.dll
 0005:00000248       __imp___encoded_null       10018248     MSVCRTD:MSVCR90D.dll
 0005:0000024c       __imp___free_dbg           1001824c     MSVCRTD:MSVCR90D.dll
 0005:00000250       __imp___malloc_dbg         10018250     MSVCRTD:MSVCR90D.dll
 0005:00000254       __imp___encode_pointer     10018254     MSVCRTD:MSVCR90D.dll
 0005:00000258       __imp___CRT_RTC_INITW      10018258     MSVCRTD:MSVCR90D.dll
 0005:0000025c       \177MSVCR90D_NULL_THUNK_DATA 1001825c     MSVCRTD:MSVCR90D.dll

 entry point at        0002:000000c8

